Internal ctest changing into directory: /home/mitsui/Projects/Distributed-Task-Scheduler/build
Test project /home/mitsui/Projects/Distributed-Task-Scheduler/build
      Start  1: protocol_test
 1/12 Test  #1: protocol_test ......................   Passed    0.00 sec
      Start  2: register_test
 2/12 Test  #2: register_test ......................   Passed    0.73 sec
      Start  3: task_manager_test
 3/12 Test  #3: task_manager_test ..................   Passed    0.01 sec
      Start  4: worker_manager_test
 4/12 Test  #4: worker_manager_test ................   Passed    0.00 sec
      Start  5: task_e2e_test
 5/12 Test  #5: task_e2e_test ......................   Passed    1.28 sec
      Start  6: task_retry_e2e_test
 6/12 Test  #6: task_retry_e2e_test ................   Passed    0.54 sec
      Start  7: heartbeat_timeout_e2e_test
 7/12 Test  #7: heartbeat_timeout_e2e_test .........   Passed   18.37 sec
      Start  8: no_worker_task_e2e_test
 8/12 Test  #8: no_worker_task_e2e_test ............   Passed    0.84 sec
      Start  9: scheduler_failure_test
 9/12 Test  #9: scheduler_failure_test .............   Passed    0.01 sec
      Start 10: connection_framing_test
10/12 Test #10: connection_framing_test ............   Passed    0.03 sec
      Start 11: graceful_stop_test
11/12 Test #11: graceful_stop_test .................   Passed    0.32 sec
      Start 12: worker_timeout_recovery_e2e_test
12/12 Test #12: worker_timeout_recovery_e2e_test ...   Passed   13.49 sec

100% tests passed, 0 tests failed out of 12

Total Test time (real) =  35.64 sec
